Microchip MPLAB XC8 Compiler V2.32

Linker command line:

-W-3 --edf=C:\Program Files\Microchip\xc8\v2.32\pic\dat\en_msgs.txt -cn \
  -h+dist/default/debug\data-logger-2.0.X.debug.sym \
  --cmf=dist/default/debug\data-logger-2.0.X.debug.cmf -z -Q18F4520 \
  -oC:\Users\Natan\AppData\Local\Temp\xcAsco.4 --defsym=__MPLAB_BUILD=1 \
  -Mdist/default/debug/data-logger-2.0.X.debug.map -E1 -ver=XC8 Compiler \
  --acfsm=1493 -ASTACK=011Ch-05FFh -pstack=STACK -ACODE=00h-07FFFh \
  -ACONST=00h-07FFFh -ASMALLCONST=0600h-06FFhx122 \
  -AMEDIUMCONST=0600h-07FFFh -ACOMRAM=01h-07Fh -AABS1=00h-05FFh \
  -ABIGRAM=01h-05FFh -ARAM=080h-0FFh,0100h-01FFhx5 -ABANK0=080h-0FFh \
  -ABANK1=0100h-01FFh -ABANK2=0200h-02FFh -ABANK3=0300h-03FFh \
  -ABANK4=0400h-04FFh -ABANK5=0500h-05FFh -ASFR=0F80h-0FFFh \
  -ACONFIG=0300000h-030000Dh -AIDLOC=0200000h-0200007h \
  -AEEDATA=0F00000h-0F000FFh -peeprom_data=EEDATA \
  -preset_vec=00h,intcode=08h,intcodelo,powerup,init -pramtop=0600h \
  -psmallconst=SMALLCONST -pmediumconst=MEDIUMCONST -pconst=CONST \
  -AFARRAM=00h-00h \
  -prdata=COMRAM,nvrram=COMRAM,nvbit=COMRAM,rbss=COMRAM,rbit=COMRAM \
  -pfarbss=FARRAM,fardata=FARRAM,nvFARRAM=FARRAM \
  -pintsave_regs=BIGRAM,bigbss=BIGRAM,bigdata=BIGRAM -pbss=RAM \
  -pidata=CODE,irdata=CODE,ibigdata=CODE,ifardata=CODE -prparam=COMRAM \
  C:\Users\Natan\AppData\Local\Temp\xcAsco.o \
  dist/default/debug\data-logger-2.0.X.debug.o 

Object code version is 3.11

Machine type is 18F4520



                Name                               Link     Load   Length Selector   Space Scale
C:\Users\Natan\AppData\Local\Temp\xcAsco.o
                idloc                            200000   200000        8        0       5
                config                           300000   300000        E        0       4
                init                                  E        E        4        4       0
                reset_vec                             0        0        4        0       0
dist/default/debug\data-logger-2.0.X.debug.o
                intcode                               8        8        6        4       0
                idloc                            200000   200000        8        0       5
                config                           300000   300000        E        0       4
                temp                                 64       64        1        1       1
                smallconst                          600      600       36      300       0
                text26                             150C     150C        8      A7D       0
                text25                             1018     1018       7C      31B       0
                text24                             143E     143E       36      31B       0
                text23                              F9A      F9A       7E      31B       0
                text22                             12CE     12CE       6A      31B       0
                text21                             110E     110E       7A      31B       0
                intcode_body                        A2A      A2A      13C      31B       0
                text19                              F1C      F1C       7E      31B       0
                text18                             1474     1474       34      31B       0
                text17                             139E     139E       60      31B       0
                text16                             1504     1504        8      A7D       0
                text15                              DDA      DDA       A4      31B       0
                text14                              636      636      26C      31B       0
                text13                              E7E      E7E       9E      31B       0
                text12                             14FA     14FA        A      A7D       0
                text11                             1264     1264       6A      31B       0
                text10                             1094     1094       7A      31B       0
                text9                               C66      C66       C4      31B       0
                text8                               D2A      D2A       B0      31B       0
                text7                               B66      B66      100      31B       0
                text6                              14CE     14CE       1E      31B       0
                text5                              13FE     13FE       40      31B       0
                text4                              14A8     14A8       26      31B       0
                text3                              151A     151A        4      A7D       0
                text2                              1514     1514        6      A7D       0
                text1                               8A2      8A2      188      31B       0
                text0                              1188     1188       70      31B       0
                cstackCOMRAM                          1        1       34        1       1
                cstackBANK0                          FA       FA        2       80       1
                cstackBANK1                         100      100       1C      100       1
                dataBANK0                            80       80       6C       80       1
                bssBANK0                             EC       EC        E       80       1
                dataCOMRAM                           57       57        D        1       1
                bssCOMRAM                            35       35       22        1       1
                cinit                              1338     1338       66      31B       0
                idataBANK0                         11F8     11F8       6C      31B       0
                idataCOMRAM                        14EC     14EC        D      31B       0

TOTAL           Name                               Link     Load   Length     Space
        CLASS   STACK          

        CLASS   CODE           
                intcode                               8        8        6         0
                init                                  E        E        4         0
                reset_vec                             0        0        4         0
                text26                             150C     150C        8         0
                text25                             1018     1018       7C         0
                text24                             143E     143E       36         0
                text23                              F9A      F9A       7E         0
                text22                             12CE     12CE       6A         0
                text21                             110E     110E       7A         0
                intcode_body                        A2A      A2A      13C         0
                text19                              F1C      F1C       7E         0
                text18                             1474     1474       34         0
                text17                             139E     139E       60         0
                text16                             1504     1504        8         0
                text15                              DDA      DDA       A4         0
                text14                              636      636      26C         0
                text13                              E7E      E7E       9E         0
                text12                             14FA     14FA        A         0
                text11                             1264     1264       6A         0
                text10                             1094     1094       7A         0
                text9                               C66      C66       C4         0
                text8                               D2A      D2A       B0         0
                text7                               B66      B66      100         0
                text6                              14CE     14CE       1E         0
                text5                              13FE     13FE       40         0
                text4                              14A8     14A8       26         0
                text3                              151A     151A        4         0
                text2                              1514     1514        6         0
                text1                               8A2      8A2      188         0
                text0                              1188     1188       70         0
                cinit                              1338     1338       66         0
                idataBANK0                         11F8     11F8       6C         0
                idataCOMRAM                        14EC     14EC        D         0

        CLASS   CONST          

        CLASS   SMALLCONST     
                smallconst                          600      600       36         0

        CLASS   MEDIUMCONST    

        CLASS   COMRAM         
                temp                                 64       64        1         1
                cstackCOMRAM                          1        1       34         1
                dataCOMRAM                           57       57        D         1
                bssCOMRAM                            35       35       22         1

        CLASS   ABS1           

        CLASS   BIGRAM         

        CLASS   RAM            

        CLASS   BANK0          
                cstackBANK0                          FA       FA        2         1
                dataBANK0                            80       80       6C         1
                bssBANK0                             EC       EC        E         1

        CLASS   BANK1          
                cstackBANK1                         100      100       1C         1

        CLASS   BANK2          

        CLASS   BANK3          

        CLASS   BANK4          

        CLASS   BANK5          

        CLASS   SFR            

        CLASS   CONFIG         
                config                           300000   300000        E         4

        CLASS   IDLOC          
                idloc                            200000   200000        8         5

        CLASS   EEDATA         

        CLASS   FARRAM         



SEGMENTS        Name                           Load    Length   Top    Selector   Space  Class

                reset_vec                      000000  000004  000004         0       0  CODE    
                cstackCOMRAM                   000001  000064  000065         1       1  COMRAM  
                intcode                        000008  00000A  000012         4       0  CODE    
                dataBANK0                      000080  00007C  0000FC        80       1  BANK0   
                cstackBANK1                    000100  00001C  00011C       100       1  BANK1   
                smallconst                     000600  000036  000636       300       0  SMALLCON
                text14                         000636  000EC3  0014F9       31B       0  CODE    
                text12                         0014FA  000024  00151E       A7D       0  CODE    


UNUSED ADDRESS RANGES

        Name                Unused          Largest block    Delta
        BANK0            0000FC-0000FF                4
        BANK1            00011C-0001FF               E4
        BANK2            000200-0002FF              100
        BANK3            000300-0003FF              100
        BANK4            000400-0004FF              100
        BANK5            000500-0005FF              100
        BIGRAM           000065-00007F               1B
                         0000FC-0000FF                4
                         00011C-0005FF              4E4
        CODE             000004-000007                4
                         000012-0005FF              5EE
                         0014F9-0014F9                1
                         00151E-007FFF             6AE2
        COMRAM           000065-00007F               1B
        CONST            000004-000007                4
                         000012-0005FF              5EE
                         0014F9-0014F9                1
                         00151E-007FFF             6AE2
        EEDATA           F00000-F000FF              100
        MEDIUMCONST      0014F9-0014F9                1
                         00151E-007FFF             6AE2
        RAM              0000FC-0000FF                4
                         00011C-0005FF              100
        SFR              000F80-000FFF               80
        SMALLCONST       0014F9-0014F9                1
                         00151E-007FFF              100
        STACK            00011C-0005FF              4E4

                                  Symbol Table

?___awdiv                           cstackCOMRAM 00001B
?___awmod                           cstackCOMRAM 00001B
?___lldiv                           cstackCOMRAM 00001B
Display_SendByte@auxByte            cstackCOMRAM 00001E
Display_SendByte@byte               cstackCOMRAM 00001D
Display_SendByte@comm               cstackCOMRAM 00001B
Display_Update@hum                  cstackCOMRAM 00002C
Display_Update@temp                 cstackCOMRAM 00002A
Display_WriteByte@auxByte           cstackCOMRAM 00001D
Display_WriteByte@byte              cstackCOMRAM 00001C
Display_WriteString@address         cstackCOMRAM 000021
Display_WriteString@auxLength       cstackCOMRAM 000029
Display_WriteString@length          cstackCOMRAM 000020
Display_WriteString@string          cstackCOMRAM 00001E
EEPROM_DataRead@addr                cstackCOMRAM 00001B
EEPROM_DataWrite@STATUS_INTCON      cstackCOMRAM 00001D
EEPROM_DataWrite@addr               cstackCOMRAM 00001B
EEPROM_DataWrite@data               cstackCOMRAM 00001C
EEPROM_Erase@addr                   cstackCOMRAM 00001E
Serial_1_Config@brg16HIGH           cstackCOMRAM 000032
Serial_1_Config@brg8HIGH            cstackCOMRAM 000031
Serial_1_Config@brg8LOW             cstackCOMRAM 000030
Serial_1_Config@error_16HIGH        cstackCOMRAM 00002F
Serial_1_Config@error_8HIGH         cstackCOMRAM 000033
Serial_1_Config@error_8LOW          cstackCOMRAM 00002E
Serial_1_Config@error_min           cstackCOMRAM 000034
Serial_1_Config@serialConfig        cstackCOMRAM 000028
Timer0_Config@timerConfig           cstackCOMRAM 00001B
Timer0_SetTickHook@tickFunc         cstackCOMRAM 00001B
Timer0_WaitMS@timeStart             bssCOMRAM    000035
User_SetState@state                 cstackCOMRAM 000001
_ADCON0bits                         (abs)        000FC2
_ADCON1bits                         (abs)        000FC1
_ADCON2bits                         (abs)        000FC0
_ADRESH                             (abs)        000FC4
_ADRESL                             (abs)        000FC3
_BAUDCONbits                        (abs)        000FB8
_BLUETOOTH_BAUD_COMM                dataBANK0    0000BE
_BLUETOOTH_NAME_COMM                dataBANK0    0000C6
_BLUETOOTH_PIN_COMM                 dataBANK0    0000A8
_DisplayLCD_Init                    text17       00139E
_Display_SendByte                   text19       000F1C
_Display_Update                     text7        000B66
_Display_WriteByte                  text11       001264
_Display_WriteString                text10       001094
_EEADR                              (abs)        000FA9
_EECON1bits                         (abs)        000FA6
_EECON2                             (abs)        000FA7
_EEDATA                             (abs)        000FA8
_EEPROM_DataRead                    text6        0014CE
_EEPROM_DataWrite                   text5        0013FE
_EEPROM_Erase                       text4        0014A8
_INTCON2bits                        (abs)        000FF1
_INTCONbits                         (abs)        000FF2
_Interrupt_GlobalEnable             text16       001504
_LATB                               (abs)        000F8A
_LATD                               (abs)        000F8C
_PIE1bits                           (abs)        000F9D
_PIR1bits                           (abs)        000F9E
_PORTB                              (abs)        000F81
_PORTD                              (abs)        000F83
_RCONbits                           (abs)        000FD0
_RCREG                              (abs)        000FAE
_RCSTAbits                          (abs)        000FAB
_SPBRG                              (abs)        000FAF
_Serial_1_Config                    text14       000636
_T0CONbits                          (abs)        000FD5
_TC0INT                             intcode      000008
_TMR0                               (abs)        000FD6
_TRISAbits                          (abs)        000F92
_TRISB                              (abs)        000F93
_TRISC                              (abs)        000F94
_TRISD                              (abs)        000F95
_TRMT                               (abs)        007D61
_TXREG                              (abs)        000FAD
_TXSTAbits                          (abs)        000FAC
_TimeIsElapsed                      bssCOMRAM    00004F
_Timer0_Config                      text13       000E7E
_Timer0_SetTickHook                 text12       0014FA
_UserConnected                      bssCOMRAM    00004B
_User_GetState                      text3        00151A
_User_SetState                      text26       00150C
_Voltage_Read                       text2        001514
__HRAM                              (abs)        000000
__Habs1                             abs1         000000
__Hbank0                            bank0        000000
__Hbank1                            bank1        000000
__Hbank2                            bank2        000000
__Hbank3                            bank3        000000
__Hbank4                            bank4        000000
__Hbank5                            bank5        000000
__Hbigbss                           bigbss       000000
__Hbigdata                          bigdata      000000
__Hbigram                           bigram       000000
__Hbss                              bss          000000
__HbssBANK0                         bssBANK0     000000
__HbssCOMRAM                        bssCOMRAM    000000
__Hcinit                            cinit        000000
__Hclrtext                          clrtext      000000
__Hcomram                           comram       000000
__Hconfig                           config       30000E
__Hconst                            const        000000
__HcstackBANK0                      cstackBANK0  000000
__HcstackBANK1                      cstackBANK1  000000
__HcstackCOMRAM                     cstackCOMRAM 000000
__Hdata                             data         000000
__HdataBANK0                        dataBANK0    000000
__HdataCOMRAM                       dataCOMRAM   000000
__Heeprom_data                      eeprom_data  000000
__Hfarbss                           farbss       000000
__Hfardata                          fardata      000000
__Hibigdata                         ibigdata     000000
__Hidata                            idata        000000
__HidataBANK0                       idataBANK0   000000
__HidataCOMRAM                      idataCOMRAM  000000
__Hidloc                            idloc        200008
__Hifardata                         ifardata     000000
__Hinit                             init         000012
__Hintcode                          intcode      00000E
__Hintcode_body                     intcode_body 000000
__Hintcodelo                        intcodelo    00000E
__Hintentry                         intentry     000000
__Hintret                           intret       000000
__Hintsave_regs                     intsave_regs 000000
__Hirdata                           irdata       000000
__Hmediumconst                      mediumconst  000000
__HnvFARRAM                         nvFARRAM     000000
__Hnvbit                            nvbit        000000
__Hnvrram                           nvrram       000000
__Hparam                            rparam       000000
__Hpowerup                          powerup      00000E
__Hram                              ram          000000
__Hramtop                           ramtop       000600
__Hrbit                             rbit         000000
__Hrbss                             rbss         000000
__Hrdata                            rdata        000000
__Hreset_vec                        reset_vec    000004
__Hrparam                           rparam       000000
__Hsfr                              sfr          000000
__Hsmallconst                       smallconst   000636
__Hspace_0                          (abs)        00151E
__Hspace_1                          (abs)        00011C
__Hspace_2                          (abs)        000000
__Hspace_4                          (abs)        60000E
__Hstack                            stack        000000
__Hstruct                           struct       000000
__Htemp                             temp         000065
__Htext                             text         000000
__Htext0                            text0        000000
__Htext1                            text1        000000
__Htext10                           text10       000000
__Htext11                           text11       000000
__Htext12                           text12       000000
__Htext13                           text13       000000
__Htext14                           text14       000000
__Htext15                           text15       000000
__Htext16                           text16       000000
__Htext17                           text17       000000
__Htext18                           text18       000000
__Htext19                           text19       000000
__Htext2                            text2        000000
__Htext21                           text21       000000
__Htext22                           text22       000000
__Htext23                           text23       000000
__Htext24                           text24       000000
__Htext25                           text25       000000
__Htext26                           text26       000000
__Htext27                           text27       000000
__Htext3                            text3        000000
__Htext4                            text4        000000
__Htext5                            text5        000000
__Htext6                            text6        000000
__Htext7                            text7        000000
__Htext8                            text8        000000
__Htext9                            text9        000000
__LRAM                              (abs)        000001
__Labs1                             abs1         000000
__Lbank0                            bank0        000000
__Lbank1                            bank1        000000
__Lbank2                            bank2        000000
__Lbank3                            bank3        000000
__Lbank4                            bank4        000000
__Lbank5                            bank5        000000
__Lbigbss                           bigbss       000000
__Lbigdata                          bigdata      000000
__Lbigram                           bigram       000000
__Lbss                              bss          000000
__LbssBANK0                         bssBANK0     000000
__LbssCOMRAM                        bssCOMRAM    000000
__Lcinit                            cinit        000000
__Lclrtext                          clrtext      000000
__Lcomram                           comram       000000
__Lconfig                           config       000000
__Lconst                            const        000000
__LcstackBANK0                      cstackBANK0  000000
__LcstackBANK1                      cstackBANK1  000000
__LcstackCOMRAM                     cstackCOMRAM 000000
__Ldata                             data         000000
__LdataBANK0                        dataBANK0    000000
__LdataCOMRAM                       dataCOMRAM   000000
__Leeprom_data                      eeprom_data  000000
__Lfarbss                           farbss       000000
__Lfardata                          fardata      000000
__Libigdata                         ibigdata     000000
__Lidata                            idata        000000
__LidataBANK0                       idataBANK0   000000
__LidataCOMRAM                      idataCOMRAM  000000
__Lidloc                            idloc        000000
__Lifardata                         ifardata     000000
__Linit                             init         00000E
__Lintcode                          intcode      000008
__Lintcode_body                     intcode_body 000000
__Lintcodelo                        intcodelo    00000E
__Lintentry                         intentry     000000
__Lintret                           intret       000000
__Lintsave_regs                     intsave_regs 000000
__Lirdata                           irdata       000000
__Lmediumconst                      mediumconst  000000
__LnvFARRAM                         nvFARRAM     000000
__Lnvbit                            nvbit        000000
__Lnvrram                           nvrram       000000
__Lparam                            rparam       000000
__Lpowerup                          powerup      00000E
__Lram                              ram          000000
__Lramtop                           ramtop       000600
__Lrbit                             rbit         000000
__Lrbss                             rbss         000000
__Lrdata                            rdata        000000
__Lreset_vec                        reset_vec    000000
__Lrparam                           rparam       000000
__Lsfr                              sfr          000000
__Lsmallconst                       smallconst   000600
__Lspace_0                          (abs)        000000
__Lspace_1                          (abs)        000000
__Lspace_2                          (abs)        000000
__Lspace_4                          (abs)        000000
__Lstack                            stack        000000
__Lstruct                           struct       000000
__Ltemp                             temp         000064
__Ltext                             text         000000
__Ltext0                            text0        000000
__Ltext1                            text1        000000
__Ltext10                           text10       000000
__Ltext11                           text11       000000
__Ltext12                           text12       000000
__Ltext13                           text13       000000
__Ltext14                           text14       000000
__Ltext15                           text15       000000
__Ltext16                           text16       000000
__Ltext17                           text17       000000
__Ltext18                           text18       000000
__Ltext19                           text19       000000
__Ltext2                            text2        000000
__Ltext21                           text21       000000
__Ltext22                           text22       000000
__Ltext23                           text23       000000
__Ltext24                           text24       000000
__Ltext25                           text25       000000
__Ltext26                           text26       000000
__Ltext27                           text27       000000
__Ltext3                            text3        000000
__Ltext4                            text4        000000
__Ltext5                            text5        000000
__Ltext6                            text6        000000
__Ltext7                            text7        000000
__Ltext8                            text8        000000
__Ltext9                            text9        000000
__S0                                (abs)        00151E
__S1                                (abs)        00011C
__S2                                (abs)        000000
__S4                                (abs)        000000
__S5                                (abs)        000000
___awdiv                            text9        000C66
___awdiv@counter                    cstackCOMRAM 00001F
___awdiv@dividend                   cstackCOMRAM 00001B
___awdiv@divisor                    cstackCOMRAM 00001D
___awdiv@quotient                   cstackCOMRAM 000021
___awdiv@sign                       cstackCOMRAM 000020
___awmod                            text8        000D2A
___awmod@counter                    cstackCOMRAM 00001F
___awmod@dividend                   cstackCOMRAM 00001B
___awmod@divisor                    cstackCOMRAM 00001D
___awmod@sign                       cstackCOMRAM 000020
___inthi_sp                         stack        000000
___intlo_sp                         stack        000000
___lldiv                            text15       000DDA
___lldiv@counter                    cstackCOMRAM 000027
___lldiv@dividend                   cstackCOMRAM 00001B
___lldiv@divisor                    cstackCOMRAM 00001F
___lldiv@quotient                   cstackCOMRAM 000023
___param_bank                       (abs)        000000
___rparam_used                      (abs)        000001
___sp                               stack        000000
__accesstop                         (abs)        000080
__activetblptr                      (abs)        000002
__end_of_DisplayLCD_Init            text17       0013FE
__end_of_Display_SendByte           text19       000F9A
__end_of_Display_Update             text7        000C66
__end_of_Display_WriteByte          text11       0012CE
__end_of_Display_WriteString        text10       00110E
__end_of_EEPROM_DataRead            text6        0014EC
__end_of_EEPROM_DataWrite           text5        00143E
__end_of_EEPROM_Erase               text4        0014CE
__end_of_Interrupt_GlobalEnable     text16       00150C
__end_of_Serial_1_Config            text14       0008A2
__end_of_TC0INT                     intcode_body 000B66
__end_of_Timer0_Config              text13       000F1C
__end_of_Timer0_SetTickHook         text12       001504
__end_of_User_GetState              text3        00151E
__end_of_User_SetState              text26       001514
__end_of_Voltage_Read               text2        00151A
__end_of___awdiv                    text9        000D2A
__end_of___awmod                    text8        000DDA
__end_of___lldiv                    text15       000E7E
__end_of__initialization            cinit        001390
__end_of_main                       text0        0011F8
__end_of_main_application           text1        000A2A
__end_of_sendNibble                 text18       0014A8
__end_of_tickHook_Execute           text24       001474
__end_of_tickHook_func              text25       001094
__end_ofi2_Display_SendByte         text23       001018
__end_ofi2_Display_WriteByte        text22       001338
__end_ofi2_Display_WriteString      text21       001188
__initialization                    cinit        001338
__mediumconst                       mediumconst  000000
__pbssBANK0                         bssBANK0     0000EC
__pbssCOMRAM                        bssCOMRAM    000035
__pcinit                            cinit        001338
__pcstackBANK0                      cstackBANK0  0000FA
__pcstackBANK1                      cstackBANK1  000100
__pcstackCOMRAM                     cstackCOMRAM 000001
__pdataBANK0                        dataBANK0    000080
__pdataCOMRAM                       dataCOMRAM   000057
__pidataBANK0                       idataBANK0   0011F8
__pidataCOMRAM                      idataCOMRAM  0014EC
__pintcode                          intcode      000008
__pintcode_body                     intcode_body 000A2A
__psmallconst                       smallconst   000600
__ptext0                            text0        001188
__ptext1                            text1        0008A2
__ptext10                           text10       001094
__ptext11                           text11       001264
__ptext12                           text12       0014FA
__ptext13                           text13       000E7E
__ptext14                           text14       000636
__ptext15                           text15       000DDA
__ptext16                           text16       001504
__ptext17                           text17       00139E
__ptext18                           text18       001474
__ptext19                           text19       000F1C
__ptext2                            text2        001514
__ptext21                           text21       00110E
__ptext22                           text22       0012CE
__ptext23                           text23       000F9A
__ptext24                           text24       00143E
__ptext25                           text25       001018
__ptext26                           text26       00150C
__ptext27                           text27       000000
__ptext3                            text3        00151A
__ptext4                            text4        0014A8
__ptext5                            text5        0013FE
__ptext6                            text6        0014CE
__ptext7                            text7        000B66
__ptext8                            text8        000D2A
__ptext9                            text9        000C66
__ramtop                            ramtop       000600
__size_of_DisplayLCD_Init           (abs)        000000
__size_of_Display_SendByte          (abs)        000000
__size_of_Display_Update            (abs)        000000
__size_of_Display_WriteByte         (abs)        000000
__size_of_Display_WriteString       (abs)        000000
__size_of_EEPROM_DataRead           (abs)        000000
__size_of_EEPROM_DataWrite          (abs)        000000
__size_of_EEPROM_Erase              (abs)        000000
__size_of_Interrupt_GlobalEnable    (abs)        000000
__size_of_Serial_1_Config           (abs)        000000
__size_of_TC0INT                    (abs)        000000
__size_of_Timer0_Config             (abs)        000000
__size_of_Timer0_SetTickHook        (abs)        000000
__size_of_User_GetState             (abs)        000000
__size_of_User_SetState             (abs)        000000
__size_of_Voltage_Read              (abs)        000000
__size_of___awdiv                   (abs)        000000
__size_of___awmod                   (abs)        000000
__size_of___lldiv                   (abs)        000000
__size_of_main                      (abs)        000000
__size_of_main_application          (abs)        000000
__size_of_sendNibble                (abs)        000000
__size_of_tickHook_Execute          (abs)        000000
__size_of_tickHook_func             (abs)        000000
__size_ofi2_Display_SendByte        (abs)        000000
__size_ofi2_Display_WriteByte       (abs)        000000
__size_ofi2_Display_WriteString     (abs)        000000
__smallconst                        smallconst   000600
_adcConfig                          dataBANK0    0000CE
_address                            bssCOMRAM    00004E
_count                              bssCOMRAM    00004D
_currLog                            bssCOMRAM    00004A
_global_timer_value                 dataCOMRAM   000057
_humidity                           bssCOMRAM    000053
_i                                  bssCOMRAM    00004C
_main                               text0        001188
_main_application                   text1        0008A2
_segundo                            bssBANK0     0000EC
_sendNibble                         text18       001474
_serialConfig                       dataBANK0    0000DB
_string_hum                         dataBANK0    00009C
_string_temp                        dataBANK0    0000B3
_t                                  bssCOMRAM    000039
_temperature                        bssCOMRAM    000055
_tickHook_Execute                   text24       00143E
_tickHook_func                      text25       001018
_tickHook_func_prt                  bssCOMRAM    00003D
_timerConfig                        bssBANK0     0000F5
_vector                             bssCOMRAM    000050
_vetorHum                           dataBANK0    0000D4
_vetorHumLocal                      dataCOMRAM   000061
_vetorTemp                          dataBANK0    0000E2
_vetorTempLocal                     dataBANK0    0000E8
btemp                               temp         000064
end_of_initialization               cinit        001390
i2Display_SendByte@auxByte          cstackCOMRAM 000004
i2Display_SendByte@byte             cstackCOMRAM 000003
i2Display_SendByte@comm             cstackCOMRAM 000001
i2Display_WriteByte@auxByte         cstackCOMRAM 000003
i2Display_WriteByte@byte            cstackCOMRAM 000002
i2Display_WriteString@address       cstackCOMRAM 000007
i2Display_WriteString@auxLength     cstackCOMRAM 00000F
i2Display_WriteString@length        cstackCOMRAM 000006
i2Display_WriteString@string        cstackCOMRAM 000004
i2_Display_SendByte                 text23       000F9A
i2_Display_WriteByte                text22       0012CE
i2_Display_WriteString              text21       00110E
int$flags                           temp         000064
int_func                            intcode_body 000A2A
intlevel0                           text         000000
intlevel1                           text         000000
intlevel2                           text         000000
intlevel3                           text         000000
isa$std                             (abs)        000001
isa$xinst                           (abs)        000000
main_application@F3175              dataBANK0    000080
main_application@F3177              dataBANK0    00008F
main_application@args               cstackCOMRAM 00002F
main_application@auxHum             dataCOMRAM   00005B
main_application@auxTemp            dataCOMRAM   00005E
main_application@auxText            cstackBANK1  00010D
main_application@auxText2           cstackBANK1  000100
main_application@localHum           bssCOMRAM    00003F
main_application@localTemp          bssCOMRAM    000041
main_application@localUserState     bssCOMRAM    000046
main_application@localVoltageStatus bssCOMRAM    000045
sendNibble@nibble                   cstackCOMRAM 00001C
stackhi                             (abs)        0005FF
stacklo                             (abs)        00011C
start                               init         00000E
start_initialization                cinit        001338
tickHook_Execute@global_timer_value cstackCOMRAM 00000B
tickHook_func@timer_value           cstackCOMRAM 000001
ttemp5                              temp         000065
ttemp6                              temp         000068
ttemp7                              temp         00006C
wtemp8                              temp         000065


MODULE INFORMATION

Module		Function		Class		Link	Load	Size
C:\Program Files\Microchip\xc8\v2.32\pic\sources\c99\common\awdiv.c
		___awdiv       		CODE           	0C66	0000	196

C:\Program Files\Microchip\xc8\v2.32\pic\sources\c99\common\awdiv.c estimated size: 196

src/app/read_voltage/read_voltage.c
		_Voltage_Read  		CODE           	1514	0000	6

src/app/read_voltage/read_voltage.c estimated size: 6

src/pic18f4520/eeprom/eeprom.c
		_EEPROM_Erase  		CODE           	14A8	0000	38
		_EEPROM_DataWrite		CODE           	13FE	0000	64
		_EEPROM_DataRead		CODE           	14CE	0000	30

src/pic18f4520/eeprom/eeprom.c estimated size: 132

src/app/main-app/main-app.c
		_Display_Update		CODE           	0B66	0000	256
		_main_application		CODE           	08A2	0000	392

src/app/main-app/main-app.c estimated size: 648

src/pic18f4520/interrupt/interrupt.c
		_Interrupt_GlobalEnable		CODE           	1504	0000	8

src/pic18f4520/interrupt/interrupt.c estimated size: 8

src/pic18f4520/timer/timer.c
		_tickHook_Execute		CODE           	143E	0000	54
		_Timer0_Config 		CODE           	0E7E	0000	158
		_Timer0_SetTickHook		CODE           	14FA	0000	10

src/pic18f4520/timer/timer.c estimated size: 222

src/app/bluetooth-hc-06/bluetooth_hc_06.c
		_User_SetState 		CODE           	150C	0000	8
		_User_GetState 		CODE           	151A	0000	4

src/app/bluetooth-hc-06/bluetooth_hc_06.c estimated size: 12

src/main.c
		_TC0INT        		CODE           	0008	0000	322
		_tickHook_func 		CODE           	1018	0000	124
		_main          		CODE           	1188	0000	112

src/main.c estimated size: 558

shared
		i2_Display_WriteByte		CODE           	12CE	0000	106
		__initialization		CODE           	1338	0000	88
		i2_Display_WriteString		CODE           	110E	0000	122
		i2_Display_SendByte		CODE           	0F9A	0000	126

shared estimated size: 442

C:\Program Files\Microchip\xc8\v2.32\pic\sources\c99\common\awmod.c
		___awmod       		CODE           	0D2A	0000	176

C:\Program Files\Microchip\xc8\v2.32\pic\sources\c99\common\awmod.c estimated size: 176

src/pic18f4520/serial/serial.c
		_Serial_1_Config		CODE           	0636	0000	620

src/pic18f4520/serial/serial.c estimated size: 620

src/app/display_lcd/display_lcd.c
		_Display_WriteByte		CODE           	1264	0000	106
		_DisplayLCD_Init		CODE           	139E	0000	96
		_sendNibble    		CODE           	1474	0000	52
		_Display_WriteString		CODE           	1094	0000	122
		_Display_SendByte		CODE           	0F1C	0000	126

src/app/display_lcd/display_lcd.c estimated size: 502

C:\Program Files\Microchip\xc8\v2.32\pic\sources\c99\common\__lldiv.c
		___lldiv       		CODE           	0DDA	0000	164

C:\Program Files\Microchip\xc8\v2.32\pic\sources\c99\common\__lldiv.c estimated size: 164

