Microchip MPLAB XC8 Compiler V2.32

Linker command line:

-W-3 --edf=C:\Program Files\Microchip\xc8\v2.32\pic\dat\en_msgs.txt -cn \
  -h+dist/default/production\data-logger-2.0.X.production.sym \
  --cmf=dist/default/production\data-logger-2.0.X.production.cmf -z \
  -Q18F4520 -oC:\Users\Natan\AppData\Local\Temp\xcAsgq4.4 \
  --defsym=__MPLAB_BUILD=1 \
  -Mdist/default/production/data-logger-2.0.X.production.map -E1 \
  -ver=XC8 Compiler --acfsm=1493 -ASTACK=080h-05FFh -pstack=STACK \
  -ACODE=00h-07FFFh -ACONST=00h-07FFFh -ASMALLCONST=0600h-06FFhx122 \
  -AMEDIUMCONST=0600h-07FFFh -ACOMRAM=01h-07Fh -AABS1=00h-05FFh \
  -ABIGRAM=01h-05FFh -ARAM=080h-0FFh,0100h-01FFhx5 -ABANK0=080h-0FFh \
  -ABANK1=0100h-01FFh -ABANK2=0200h-02FFh -ABANK3=0300h-03FFh \
  -ABANK4=0400h-04FFh -ABANK5=0500h-05FFh -ASFR=0F80h-0FFFh \
  -ACONFIG=0300000h-030000Dh -AIDLOC=0200000h-0200007h \
  -AEEDATA=0F00000h-0F000FFh -peeprom_data=EEDATA \
  -preset_vec=00h,intcode=08h,intcodelo,powerup,init -pramtop=0600h \
  -psmallconst=SMALLCONST -pmediumconst=MEDIUMCONST -pconst=CONST \
  -AFARRAM=00h-00h \
  -prdata=COMRAM,nvrram=COMRAM,nvbit=COMRAM,rbss=COMRAM,rbit=COMRAM \
  -pfarbss=FARRAM,fardata=FARRAM,nvFARRAM=FARRAM \
  -pintsave_regs=BIGRAM,bigbss=BIGRAM,bigdata=BIGRAM -pbss=RAM \
  -pidata=CODE,irdata=CODE,ibigdata=CODE,ifardata=CODE -prparam=COMRAM \
  C:\Users\Natan\AppData\Local\Temp\xcAsgq4.o \
  dist/default/production\data-logger-2.0.X.production.o 

Object code version is 3.11

Machine type is 18F4520



                Name                               Link     Load   Length Selector   Space Scale
C:\Users\Natan\AppData\Local\Temp\xcAsgq4.o
                idloc                            200000   200000        8        0       5
                config                           300000   300000        E        0       4
                init                                  E        E        4        4       0
                reset_vec                             0        0        4        0       0
dist/default/production\data-logger-2.0.X.production.o
                intcode                               8        8        6        4       0
                idloc                            200000   200000        8        0       5
                config                           300000   300000        E        0       4
                temp                                 55       55        1        1       1
                smallconst                          600      600       38      300       0
                text18                              E06      E06       16      31C       0
                text17                              E1E      E1E        2      31C       0
                intcode_body                        C92      C92       44      31C       0
                text15                              8A4      8A4       A4      31C       0
                text14                              638      638      26C      31C       0
                text13                              B56      B56       5A      31C       0
                text12                              CD6      CD6       40      31C       0
                text11                              D50      D50       36      31C       0
                text10                              DE0      DE0       26      31C       0
                text9                               E1C      E1C        2      31C       0
                text8                               948      948       7E      31C       0
                text7                               D86      D86       34      31C       0
                text6                               AF6      AF6       60      31C       0
                text5                               9C6      9C6       6A      31C       0
                text4                               A30      A30       66      31C       0
                text3                               C4E      C4E       44      31C       0
                text2                               BB0      BB0       54      31C       0
                text1                               C04      C04       4A      31C       0
                text0                               A96      A96       60      31C       0
                cstackCOMRAM                         27       27       1E        1       1
                dataCOMRAM                            1        1       26        1       1
                bssCOMRAM                            45       45       10        1       1
                cinit                               D16      D16       3A      31C       0
                idataCOMRAM                         DBA      DBA       26      31C       0

TOTAL           Name                               Link     Load   Length     Space
        CLASS   STACK          

        CLASS   CODE           
                intcode                               8        8        6         0
                init                                  E        E        4         0
                reset_vec                             0        0        4         0
                text18                              E06      E06       16         0
                text17                              E1E      E1E        2         0
                intcode_body                        C92      C92       44         0
                text15                              8A4      8A4       A4         0
                text14                              638      638      26C         0
                text13                              B56      B56       5A         0
                text12                              CD6      CD6       40         0
                text11                              D50      D50       36         0
                text10                              DE0      DE0       26         0
                text9                               E1C      E1C        2         0
                text8                               948      948       7E         0
                text7                               D86      D86       34         0
                text6                               AF6      AF6       60         0
                text5                               9C6      9C6       6A         0
                text4                               A30      A30       66         0
                text3                               C4E      C4E       44         0
                text2                               BB0      BB0       54         0
                text1                               C04      C04       4A         0
                text0                               A96      A96       60         0
                cinit                               D16      D16       3A         0
                idataCOMRAM                         DBA      DBA       26         0

        CLASS   CONST          

        CLASS   SMALLCONST     
                smallconst                          600      600       38         0

        CLASS   MEDIUMCONST    

        CLASS   COMRAM         
                temp                                 55       55        1         1
                cstackCOMRAM                         27       27       1E         1
                dataCOMRAM                            1        1       26         1
                bssCOMRAM                            45       45       10         1

        CLASS   ABS1           

        CLASS   BIGRAM         

        CLASS   RAM            

        CLASS   BANK0          

        CLASS   BANK1          

        CLASS   BANK2          

        CLASS   BANK3          

        CLASS   BANK4          

        CLASS   BANK5          

        CLASS   SFR            

        CLASS   CONFIG         
                config                           300000   300000        E         4

        CLASS   IDLOC          
                idloc                            200000   200000        8         5

        CLASS   EEDATA         

        CLASS   FARRAM         



SEGMENTS        Name                           Load    Length   Top    Selector   Space  Class

                reset_vec                      000000  000004  000004         0       0  CODE    
                dataCOMRAM                     000001  000055  000056         1       1  COMRAM  
                intcode                        000008  00000A  000012         4       0  CODE    
                smallconst                     000600  000038  000638       300       0  SMALLCON
                text14                         000638  0007E8  000E20       31C       0  CODE    


UNUSED ADDRESS RANGES

        Name                Unused          Largest block    Delta
        BANK0            000080-0000FF               80
        BANK1            000100-0001FF              100
        BANK2            000200-0002FF              100
        BANK3            000300-0003FF              100
        BANK4            000400-0004FF              100
        BANK5            000500-0005FF              100
        BIGRAM           000056-0005FF              5AA
        CODE             000004-000007                4
                         000012-0005FF              5EE
                         000E20-007FFF             71E0
        COMRAM           000056-00007F               2A
        CONST            000004-000007                4
                         000012-0005FF              5EE
                         000E20-007FFF             71E0
        EEDATA           F00000-F000FF              100
        MEDIUMCONST      000E20-007FFF             71E0
        RAM              000080-0005FF              100
        SFR              000F80-000FFF               80
        SMALLCONST       000E20-007FFF              100
        STACK            000080-0005FF              580

                                  Symbol Table

?___lldiv                           cstackCOMRAM 000029
?_strlen                            cstackCOMRAM 000029
Display_SendByte@auxByte            cstackCOMRAM 00002C
Display_SendByte@byte               cstackCOMRAM 00002B
Display_SendByte@comm               cstackCOMRAM 000029
Display_WriteByte@auxByte           cstackCOMRAM 00002B
Display_WriteByte@byte              cstackCOMRAM 00002A
Display_WriteString@address         cstackCOMRAM 00002F
Display_WriteString@auxLength       cstackCOMRAM 000037
Display_WriteString@length          cstackCOMRAM 00002E
Display_WriteString@string          cstackCOMRAM 00002C
Peripheral_Controller@args          cstackCOMRAM 000029
Serial_1_Config@brg16HIGH           cstackCOMRAM 000040
Serial_1_Config@brg8HIGH            cstackCOMRAM 00003F
Serial_1_Config@brg8LOW             cstackCOMRAM 00003E
Serial_1_Config@error_16HIGH        cstackCOMRAM 00003D
Serial_1_Config@error_8HIGH         cstackCOMRAM 000041
Serial_1_Config@error_8LOW          cstackCOMRAM 00003C
Serial_1_Config@error_min           cstackCOMRAM 000042
Serial_1_Config@serialConfig        cstackCOMRAM 000036
Serial_Transmit@data                cstackCOMRAM 000027
Serial_TransmitBuffer@auxLength     cstackCOMRAM 00002E
Serial_TransmitBuffer@buffer        cstackCOMRAM 000029
Serial_TransmitBuffer@length        cstackCOMRAM 00002B
StartSystem@args                    cstackCOMRAM 000039
Timer0_WaitMS@timeStart             bssCOMRAM    00004A
Timer0_WaitMS@timerWait             cstackCOMRAM 000029
_BAUDCONbits                        (abs)        000FB8
_BLUETOOTH_BAUD_COMM                dataCOMRAM   000014
_BLUETOOTH_NAME_COMM                dataCOMRAM   00000C
_BLUETOOTH_PIN_COMM                 dataCOMRAM   000001
_Bluetooth_HC_06_Configure          text9        000E1C
_DisplayLCD_Init                    text6        000AF6
_Display_SendByte                   text8        000948
_Display_WriteByte                  text5        0009C6
_Display_WriteString                text4        000A30
_INTCON2bits                        (abs)        000FF1
_INTCONbits                         (abs)        000FF2
_LATB                               (abs)        000F8A
_LATD                               (abs)        000F8C
_PIE1bits                           (abs)        000F9D
_PIR1bits                           (abs)        000F9E
_PORTB                              (abs)        000F81
_PORTD                              (abs)        000F83
_Peripheral_Controller              text3        000C4E
_RCONbits                           (abs)        000FD0
_RCREG                              (abs)        000FAE
_RCSTAbits                          (abs)        000FAB
_SPBRG                              (abs)        000FAF
_Serial_1_Config                    text14       000638
_Serial_Transmit                    text18       000E06
_Serial_TransmitBuffer              text13       000B56
_StartSystem                        text1        000C04
_T0CONbits                          (abs)        000FD5
_TC0INT                             intcode      000008
_TMR0                               (abs)        000FD6
_TRISB                              (abs)        000F93
_TRISC                              (abs)        000F94
_TRISD                              (abs)        000F95
_TRMT                               (abs)        007D61
_TXREG                              (abs)        000FAD
_TXSTAbits                          (abs)        000FAC
_Timer0_WaitMS                      text2        000BB0
__HRAM                              (abs)        000000
__Habs1                             abs1         000000
__Hbank0                            bank0        000000
__Hbank1                            bank1        000000
__Hbank2                            bank2        000000
__Hbank3                            bank3        000000
__Hbank4                            bank4        000000
__Hbank5                            bank5        000000
__Hbigbss                           bigbss       000000
__Hbigdata                          bigdata      000000
__Hbigram                           bigram       000000
__Hbss                              bss          000000
__HbssCOMRAM                        bssCOMRAM    000000
__Hcinit                            cinit        000000
__Hclrtext                          clrtext      000000
__Hcomram                           comram       000000
__Hconfig                           config       30000E
__Hconst                            const        000000
__HcstackCOMRAM                     cstackCOMRAM 000000
__Hdata                             data         000000
__HdataCOMRAM                       dataCOMRAM   000000
__Heeprom_data                      eeprom_data  000000
__Hfarbss                           farbss       000000
__Hfardata                          fardata      000000
__Hibigdata                         ibigdata     000000
__Hidata                            idata        000000
__HidataCOMRAM                      idataCOMRAM  000000
__Hidloc                            idloc        200008
__Hifardata                         ifardata     000000
__Hinit                             init         000012
__Hintcode                          intcode      00000E
__Hintcode_body                     intcode_body 000000
__Hintcodelo                        intcodelo    00000E
__Hintentry                         intentry     000000
__Hintret                           intret       000000
__Hintsave_regs                     intsave_regs 000000
__Hirdata                           irdata       000000
__Hmediumconst                      mediumconst  000000
__HnvFARRAM                         nvFARRAM     000000
__Hnvbit                            nvbit        000000
__Hnvrram                           nvrram       000000
__Hparam                            rparam       000000
__Hpowerup                          powerup      00000E
__Hram                              ram          000000
__Hramtop                           ramtop       000600
__Hrbit                             rbit         000000
__Hrbss                             rbss         000000
__Hrdata                            rdata        000000
__Hreset_vec                        reset_vec    000004
__Hrparam                           rparam       000000
__Hsfr                              sfr          000000
__Hsmallconst                       smallconst   000638
__Hspace_0                          (abs)        000E20
__Hspace_1                          (abs)        000056
__Hspace_2                          (abs)        000000
__Hspace_4                          (abs)        60000E
__Hstack                            stack        000000
__Hstruct                           struct       000000
__Htemp                             temp         000056
__Htext                             text         000000
__Htext0                            text0        000000
__Htext1                            text1        000000
__Htext10                           text10       000000
__Htext11                           text11       000000
__Htext12                           text12       000000
__Htext13                           text13       000000
__Htext14                           text14       000000
__Htext15                           text15       000000
__Htext17                           text17       000000
__Htext18                           text18       000000
__Htext2                            text2        000000
__Htext3                            text3        000000
__Htext4                            text4        000000
__Htext5                            text5        000000
__Htext6                            text6        000000
__Htext7                            text7        000000
__Htext8                            text8        000000
__Htext9                            text9        000000
__LRAM                              (abs)        000001
__Labs1                             abs1         000000
__Lbank0                            bank0        000000
__Lbank1                            bank1        000000
__Lbank2                            bank2        000000
__Lbank3                            bank3        000000
__Lbank4                            bank4        000000
__Lbank5                            bank5        000000
__Lbigbss                           bigbss       000000
__Lbigdata                          bigdata      000000
__Lbigram                           bigram       000000
__Lbss                              bss          000000
__LbssCOMRAM                        bssCOMRAM    000000
__Lcinit                            cinit        000000
__Lclrtext                          clrtext      000000
__Lcomram                           comram       000000
__Lconfig                           config       000000
__Lconst                            const        000000
__LcstackCOMRAM                     cstackCOMRAM 000000
__Ldata                             data         000000
__LdataCOMRAM                       dataCOMRAM   000000
__Leeprom_data                      eeprom_data  000000
__Lfarbss                           farbss       000000
__Lfardata                          fardata      000000
__Libigdata                         ibigdata     000000
__Lidata                            idata        000000
__LidataCOMRAM                      idataCOMRAM  000000
__Lidloc                            idloc        000000
__Lifardata                         ifardata     000000
__Linit                             init         00000E
__Lintcode                          intcode      000008
__Lintcode_body                     intcode_body 000000
__Lintcodelo                        intcodelo    00000E
__Lintentry                         intentry     000000
__Lintret                           intret       000000
__Lintsave_regs                     intsave_regs 000000
__Lirdata                           irdata       000000
__Lmediumconst                      mediumconst  000000
__LnvFARRAM                         nvFARRAM     000000
__Lnvbit                            nvbit        000000
__Lnvrram                           nvrram       000000
__Lparam                            rparam       000000
__Lpowerup                          powerup      00000E
__Lram                              ram          000000
__Lramtop                           ramtop       000600
__Lrbit                             rbit         000000
__Lrbss                             rbss         000000
__Lrdata                            rdata        000000
__Lreset_vec                        reset_vec    000000
__Lrparam                           rparam       000000
__Lsfr                              sfr          000000
__Lsmallconst                       smallconst   000600
__Lspace_0                          (abs)        000000
__Lspace_1                          (abs)        000000
__Lspace_2                          (abs)        000000
__Lspace_4                          (abs)        000000
__Lstack                            stack        000000
__Lstruct                           struct       000000
__Ltemp                             temp         000055
__Ltext                             text         000000
__Ltext0                            text0        000000
__Ltext1                            text1        000000
__Ltext10                           text10       000000
__Ltext11                           text11       000000
__Ltext12                           text12       000000
__Ltext13                           text13       000000
__Ltext14                           text14       000000
__Ltext15                           text15       000000
__Ltext17                           text17       000000
__Ltext18                           text18       000000
__Ltext2                            text2        000000
__Ltext3                            text3        000000
__Ltext4                            text4        000000
__Ltext5                            text5        000000
__Ltext6                            text6        000000
__Ltext7                            text7        000000
__Ltext8                            text8        000000
__Ltext9                            text9        000000
__S0                                (abs)        000E20
__S1                                (abs)        000056
__S2                                (abs)        000000
__S4                                (abs)        000000
__S5                                (abs)        000000
___inthi_sp                         stack        000000
___intlo_sp                         stack        000000
___lldiv                            text15       0008A4
___lldiv@counter                    cstackCOMRAM 000035
___lldiv@dividend                   cstackCOMRAM 000029
___lldiv@divisor                    cstackCOMRAM 00002D
___lldiv@quotient                   cstackCOMRAM 000031
___param_bank                       (abs)        000000
___rparam_used                      (abs)        000001
___sp                               stack        000000
__accesstop                         (abs)        000080
__activetblptr                      (abs)        000002
__end_of_Bluetooth_HC_06_Configure  text9        000E1E
__end_of_DisplayLCD_Init            text6        000B56
__end_of_Display_SendByte           text8        0009C6
__end_of_Display_WriteByte          text5        000A30
__end_of_Display_WriteString        text4        000A96
__end_of_Peripheral_Controller      text3        000C92
__end_of_Serial_1_Config            text14       0008A4
__end_of_Serial_Transmit            text18       000E1C
__end_of_Serial_TransmitBuffer      text13       000BB0
__end_of_StartSystem                text1        000C4E
__end_of_TC0INT                     intcode_body 000CD6
__end_of_Timer0_WaitMS              text2        000C04
__end_of___lldiv                    text15       000948
__end_of__initialization            cinit        000D42
__end_of_main                       text0        000AF6
__end_of_sendNibble                 text7        000DBA
__end_of_strcat                     text10       000E06
__end_of_strcpy                     text12       000D16
__end_of_strlen                     text11       000D86
__end_of_tickHook_Execute           text17       000E20
__initialization                    cinit        000D16
__mediumconst                       mediumconst  000000
__pbssCOMRAM                        bssCOMRAM    000045
__pcinit                            cinit        000D16
__pcstackCOMRAM                     cstackCOMRAM 000027
__pdataCOMRAM                       dataCOMRAM   000001
__pidataCOMRAM                      idataCOMRAM  000DBA
__pintcode                          intcode      000008
__pintcode_body                     intcode_body 000C92
__psmallconst                       smallconst   000600
__ptext0                            text0        000A96
__ptext1                            text1        000C04
__ptext10                           text10       000DE0
__ptext11                           text11       000D50
__ptext12                           text12       000CD6
__ptext13                           text13       000B56
__ptext14                           text14       000638
__ptext15                           text15       0008A4
__ptext17                           text17       000E1E
__ptext18                           text18       000E06
__ptext2                            text2        000BB0
__ptext3                            text3        000C4E
__ptext4                            text4        000A30
__ptext5                            text5        0009C6
__ptext6                            text6        000AF6
__ptext7                            text7        000D86
__ptext8                            text8        000948
__ptext9                            text9        000E1C
__ramtop                            ramtop       000600
__size_of_Bluetooth_HC_06_Configure (abs)        000000
__size_of_DisplayLCD_Init           (abs)        000000
__size_of_Display_SendByte          (abs)        000000
__size_of_Display_WriteByte         (abs)        000000
__size_of_Display_WriteString       (abs)        000000
__size_of_Peripheral_Controller     (abs)        000000
__size_of_Serial_1_Config           (abs)        000000
__size_of_Serial_Transmit           (abs)        000000
__size_of_Serial_TransmitBuffer     (abs)        000000
__size_of_StartSystem               (abs)        000000
__size_of_TC0INT                    (abs)        000000
__size_of_Timer0_WaitMS             (abs)        000000
__size_of___lldiv                   (abs)        000000
__size_of_main                      (abs)        000000
__size_of_sendNibble                (abs)        000000
__size_of_strcat                    (abs)        000000
__size_of_strcpy                    (abs)        000000
__size_of_strlen                    (abs)        000000
__size_of_tickHook_Execute          (abs)        000000
__smallconst                        smallconst   000600
_count                              bssCOMRAM    000054
_global_timer_value                 dataCOMRAM   000023
_humidity                           bssCOMRAM    000050
_main                               text0        000A96
_sendNibble                         text7        000D86
_serialConfig                       dataCOMRAM   00001C
_strcat                             text10       000DE0
_strcpy                             text12       000CD6
_strlen                             text11       000D50
_temperature                        bssCOMRAM    000052
_tickHook_Execute                   text17       000E1E
_tickHook_func_prt                  bssCOMRAM    00004E
_timerConfig                        bssCOMRAM    000045
btemp                               temp         000055
end_of_initialization               cinit        000D42
int$flags                           temp         000055
int_func                            intcode_body 000C92
intlevel0                           text         000000
intlevel1                           text         000000
intlevel2                           text         000000
intlevel3                           text         000000
isa$std                             (abs)        000001
isa$xinst                           (abs)        000000
sendNibble@nibble                   cstackCOMRAM 00002A
stackhi                             (abs)        0005FF
stacklo                             (abs)        000080
start                               init         00000E
start_initialization                cinit        000D16
strcat@dest                         cstackCOMRAM 000035
strcat@src                          cstackCOMRAM 000037
strcpy@d                            cstackCOMRAM 000033
strcpy@dest                         cstackCOMRAM 00002D
strcpy@s                            cstackCOMRAM 000031
strcpy@src                          cstackCOMRAM 00002F
strlen@a                            cstackCOMRAM 00002B
strlen@s                            cstackCOMRAM 000029
tickHook_Execute@global_timer_value cstackCOMRAM 000027
ttemp5                              temp         000056
ttemp6                              temp         000059
ttemp7                              temp         00005D
wtemp8                              temp         000056


MODULE INFORMATION

Module		Function		Class		Link	Load	Size
src/board/peripheral-controller/peripheral_controller.c
		_Peripheral_Controller		CODE           	0C4E	0000	68

src/board/peripheral-controller/peripheral_controller.c estimated size: 68

src/app/main-app/main-app.c
		_StartSystem   		CODE           	0C04	0000	74

src/app/main-app/main-app.c estimated size: 74

src/pic18f4520/timer/timer.c
		_tickHook_Execute		CODE           	0E1E	0000	2
		_Timer0_WaitMS 		CODE           	0BB0	0000	84

src/pic18f4520/timer/timer.c estimated size: 86

src/app/bluetooth-hc-06/bluetooth_hc_06.c
		_Bluetooth_HC_06_Configure		CODE           	0E1C	0000	2

src/app/bluetooth-hc-06/bluetooth_hc_06.c estimated size: 2

src/main.c
		_TC0INT        		CODE           	0008	0000	74
		_main          		CODE           	0A96	0000	96

src/main.c estimated size: 170

shared
		__initialization		CODE           	0D16	0000	44

shared estimated size: 44

src/pic18f4520/serial/serial.c
		_Serial_TransmitBuffer		CODE           	0B56	0000	90
		_Serial_1_Config		CODE           	0638	0000	620
		_Serial_Transmit		CODE           	0E06	0000	22

src/pic18f4520/serial/serial.c estimated size: 732

C:\Program Files\Microchip\xc8\v2.32\pic\sources\c99\common\strcat.c
		_strcat        		CODE           	0DE0	0000	38

C:\Program Files\Microchip\xc8\v2.32\pic\sources\c99\common\strcat.c estimated size: 38

src/app/display_lcd/display_lcd.c
		_Display_WriteByte		CODE           	09C6	0000	106
		_DisplayLCD_Init		CODE           	0AF6	0000	96
		_sendNibble    		CODE           	0D86	0000	52
		_Display_WriteString		CODE           	0A30	0000	102
		_Display_SendByte		CODE           	0948	0000	126

src/app/display_lcd/display_lcd.c estimated size: 482

C:\Program Files\Microchip\xc8\v2.32\pic\sources\c99\common\__lldiv.c
		___lldiv       		CODE           	08A4	0000	164

C:\Program Files\Microchip\xc8\v2.32\pic\sources\c99\common\__lldiv.c estimated size: 164

C:\Program Files\Microchip\xc8\v2.32\pic\sources\c99\common\strlen.c
		_strlen        		CODE           	0D50	0000	54

C:\Program Files\Microchip\xc8\v2.32\pic\sources\c99\common\strlen.c estimated size: 54

C:\Program Files\Microchip\xc8\v2.32\pic\sources\c99\common\strcpy.c
		_strcpy        		CODE           	0CD6	0000	64

C:\Program Files\Microchip\xc8\v2.32\pic\sources\c99\common\strcpy.c estimated size: 64

