Microchip MPLAB XC8 Compiler V2.32

Linker command line:

-W-3 --edf=C:\Program Files\Microchip\xc8\v2.32\pic\dat\en_msgs.txt -cn \
  -h+dist/default/production\data-logger-2.0.X.production.sym \
  --cmf=dist/default/production\data-logger-2.0.X.production.cmf -z \
  -Q18F4520 -oC:\Users\Natan\AppData\Local\Temp\xcAslo0.4 \
  --defsym=__MPLAB_BUILD=1 \
  -Mdist/default/production/data-logger-2.0.X.production.map -E1 \
  -ver=XC8 Compiler --acfsm=1493 -ASTACK=0C7h-05FFh -pstack=STACK \
  -ACODE=00h-07FFFh -ACONST=00h-07FFFh -ASMALLCONST=0600h-06FFhx122 \
  -AMEDIUMCONST=0600h-07FFFh -ACOMRAM=01h-07Fh -AABS1=00h-05FFh \
  -ABIGRAM=01h-05FFh -ARAM=080h-0FFh,0100h-01FFhx5 -ABANK0=080h-0FFh \
  -ABANK1=0100h-01FFh -ABANK2=0200h-02FFh -ABANK3=0300h-03FFh \
  -ABANK4=0400h-04FFh -ABANK5=0500h-05FFh -ASFR=0F80h-0FFFh \
  -ACONFIG=0300000h-030000Dh -AIDLOC=0200000h-0200007h \
  -AEEDATA=0F00000h-0F000FFh -peeprom_data=EEDATA \
  -preset_vec=00h,intcode=08h,intcodelo,powerup,init -pramtop=0600h \
  -psmallconst=SMALLCONST -pmediumconst=MEDIUMCONST -pconst=CONST \
  -AFARRAM=00h-00h \
  -prdata=COMRAM,nvrram=COMRAM,nvbit=COMRAM,rbss=COMRAM,rbit=COMRAM \
  -pfarbss=FARRAM,fardata=FARRAM,nvFARRAM=FARRAM \
  -pintsave_regs=BIGRAM,bigbss=BIGRAM,bigdata=BIGRAM -pbss=RAM \
  -pidata=CODE,irdata=CODE,ibigdata=CODE,ifardata=CODE -prparam=COMRAM \
  C:\Users\Natan\AppData\Local\Temp\xcAslo0.o \
  dist/default/production\data-logger-2.0.X.production.o 

Object code version is 3.11

Machine type is 18F4520



                Name                               Link     Load   Length Selector   Space Scale
C:\Users\Natan\AppData\Local\Temp\xcAslo0.o
                idloc                            200000   200000        8        0       5
                config                           300000   300000        E        0       4
                init                                  E        E        4        4       0
                reset_vec                             0        0        4        0       0
dist/default/production\data-logger-2.0.X.production.o
                intcode                               8        8        6        4       0
                idloc                            200000   200000        8        0       5
                config                           300000   300000        E        0       4
                temp                                 6B       6B        1        1       1
                smallconst                          600      600       32      300       0
                text13                              CF4      CF4        8      66A       0
                text12                              CFC      CFC        2      66A       0
                text11                              95A      95A       7E      319       0
                text10                              B2C      B2C       6A      319       0
                text9                               9D8      9D8       7A      319       0
                intcode_body                        632      632      12C      319       0
                text7                               854      854       88      319       0
                text6                               C34      C34       3C      319       0
                text5                               AC2      AC2       6A      319       0
                text4                               A52      A52       70      319       0
                text3                               8DC      8DC       7E      319       0
                text2                               CD4      CD4       20      66A       0
                text1                               BF0      BF0       44      319       0
                text0                               75E      75E       F6      319       0
                cstackCOMRAM                         53       53       18        1       1
                cstackBANK0                          B3       B3       14       80       1
                dataBANK0                            80       80       33       80       1
                dataCOMRAM                            1        1       30        1       1
                bssCOMRAM                            31       31       22        1       1
                cinit                               B96      B96       5A      319       0
                idataBANK0                          C70      C70       33      319       0
                idataCOMRAM                         CA3      CA3       30      319       0

TOTAL           Name                               Link     Load   Length     Space
        CLASS   STACK          

        CLASS   CODE           
                intcode                               8        8        6         0
                init                                  E        E        4         0
                reset_vec                             0        0        4         0
                text13                              CF4      CF4        8         0
                text12                              CFC      CFC        2         0
                text11                              95A      95A       7E         0
                text10                              B2C      B2C       6A         0
                text9                               9D8      9D8       7A         0
                intcode_body                        632      632      12C         0
                text7                               854      854       88         0
                text6                               C34      C34       3C         0
                text5                               AC2      AC2       6A         0
                text4                               A52      A52       70         0
                text3                               8DC      8DC       7E         0
                text2                               CD4      CD4       20         0
                text1                               BF0      BF0       44         0
                text0                               75E      75E       F6         0
                cinit                               B96      B96       5A         0
                idataBANK0                          C70      C70       33         0
                idataCOMRAM                         CA3      CA3       30         0

        CLASS   CONST          

        CLASS   SMALLCONST     
                smallconst                          600      600       32         0

        CLASS   MEDIUMCONST    

        CLASS   COMRAM         
                temp                                 6B       6B        1         1
                cstackCOMRAM                         53       53       18         1
                dataCOMRAM                            1        1       30         1
                bssCOMRAM                            31       31       22         1

        CLASS   ABS1           

        CLASS   BIGRAM         

        CLASS   RAM            

        CLASS   BANK0          
                cstackBANK0                          B3       B3       14         1
                dataBANK0                            80       80       33         1

        CLASS   BANK1          

        CLASS   BANK2          

        CLASS   BANK3          

        CLASS   BANK4          

        CLASS   BANK5          

        CLASS   SFR            

        CLASS   CONFIG         
                config                           300000   300000        E         4

        CLASS   IDLOC          
                idloc                            200000   200000        8         5

        CLASS   EEDATA         

        CLASS   FARRAM         



SEGMENTS        Name                           Load    Length   Top    Selector   Space  Class

                reset_vec                      000000  000004  000004         0       0  CODE    
                dataCOMRAM                     000001  00006B  00006C         1       1  COMRAM  
                intcode                        000008  00000A  000012         4       0  CODE    
                dataBANK0                      000080  000047  0000C7        80       1  BANK0   
                smallconst                     000600  000032  000632       300       0  SMALLCON
                intcode_body                   000632  0006A1  000CD3       319       0  CODE    
                text2                          000CD4  00002A  000CFE       66A       0  CODE    


UNUSED ADDRESS RANGES

        Name                Unused          Largest block    Delta
        BANK0            0000C7-0000FF               39
        BANK1            000100-0001FF              100
        BANK2            000200-0002FF              100
        BANK3            000300-0003FF              100
        BANK4            000400-0004FF              100
        BANK5            000500-0005FF              100
        BIGRAM           00006C-00007F               14
                         0000C7-0005FF              539
        CODE             000004-000007                4
                         000012-0005FF              5EE
                         000CD3-000CD3                1
                         000CFE-007FFF             7302
        COMRAM           00006C-00007F               14
        CONST            000004-000007                4
                         000012-0005FF              5EE
                         000CD3-000CD3                1
                         000CFE-007FFF             7302
        EEDATA           F00000-F000FF              100
        MEDIUMCONST      000CD3-000CD3                1
                         000CFE-007FFF             7302
        RAM              0000C7-0005FF              100
        SFR              000F80-000FFF               80
        SMALLCONST       000CD3-000CD3                1
                         000CFE-007FFF              100
        STACK            0000C7-0005FF              539

                                  Symbol Table

Display_SendByte@auxByte            cstackBANK0  0000B6
Display_SendByte@byte               cstackBANK0  0000B5
Display_SendByte@comm               cstackBANK0  0000B3
Display_WriteByte@auxByte           cstackBANK0  0000B5
Display_WriteByte@byte              cstackBANK0  0000B4
Display_WriteString@address         cstackBANK0  0000B9
Display_WriteString@auxLength       cstackBANK0  0000C1
Display_WriteString@length          cstackBANK0  0000B8
Display_WriteString@string          cstackBANK0  0000B6
EEPROM_DataRead@addr                cstackBANK0  0000B3
EEPROM_DataWrite@STATUS_INTCON      cstackBANK0  0000B5
EEPROM_DataWrite@addr               cstackBANK0  0000B3
EEPROM_DataWrite@data               cstackBANK0  0000B4
Timer0_WaitMS@timeStart             bssCOMRAM    000036
User_SetState@state                 cstackCOMRAM 000053
_ADCON0bits                         (abs)        000FC2
_ADCON1bits                         (abs)        000FC1
_ADCON2bits                         (abs)        000FC0
_ADRESH                             (abs)        000FC4
_ADRESL                             (abs)        000FC3
_BAUDCONbits                        (abs)        000FB8
_BLUETOOTH_BAUD_COMM                dataCOMRAM   00000C
_BLUETOOTH_NAME_COMM                dataCOMRAM   000014
_BLUETOOTH_PIN_COMM                 dataBANK0    0000A8
_DisplayLCD_Init                    text5        000AC2
_Display_SendByte                   text7        000854
_Display_WriteByte                  text4        000A52
_Display_WriteString                text3        0008DC
_EEADR                              (abs)        000FA9
_EECON1bits                         (abs)        000FA6
_EECON2                             (abs)        000FA7
_EEDATA                             (abs)        000FA8
_EEPROM_DataRead                    text2        000CD4
_EEPROM_DataWrite                   text1        000BF0
_INTCON2bits                        (abs)        000FF1
_INTCONbits                         (abs)        000FF2
_LATB                               (abs)        000F8A
_LATD                               (abs)        000F8C
_PIE1bits                           (abs)        000F9D
_PIR1bits                           (abs)        000F9E
_PORTB                              (abs)        000F81
_PORTD                              (abs)        000F83
_RCONbits                           (abs)        000FD0
_RCREG                              (abs)        000FAE
_RCSTAbits                          (abs)        000FAB
_SPBRG                              (abs)        000FAF
_T0CONbits                          (abs)        000FD5
_TC0INT                             intcode      000008
_TMR0                               (abs)        000FD6
_TRISAbits                          (abs)        000F92
_TRISB                              (abs)        000F93
_TRISC                              (abs)        000F94
_TRISD                              (abs)        000F95
_TRMT                               (abs)        007D61
_TXREG                              (abs)        000FAD
_TXSTAbits                          (abs)        000FAC
_TimeIsElapsed                      bssCOMRAM    00004B
_UserConnected                      bssCOMRAM    000048
_User_SetState                      text13       000CF4
__HRAM                              (abs)        000000
__Habs1                             abs1         000000
__Hbank0                            bank0        000000
__Hbank1                            bank1        000000
__Hbank2                            bank2        000000
__Hbank3                            bank3        000000
__Hbank4                            bank4        000000
__Hbank5                            bank5        000000
__Hbigbss                           bigbss       000000
__Hbigdata                          bigdata      000000
__Hbigram                           bigram       000000
__Hbss                              bss          000000
__HbssCOMRAM                        bssCOMRAM    000000
__Hcinit                            cinit        000000
__Hclrtext                          clrtext      000000
__Hcomram                           comram       000000
__Hconfig                           config       30000E
__Hconst                            const        000000
__HcstackBANK0                      cstackBANK0  000000
__HcstackCOMRAM                     cstackCOMRAM 000000
__Hdata                             data         000000
__HdataBANK0                        dataBANK0    000000
__HdataCOMRAM                       dataCOMRAM   000000
__Heeprom_data                      eeprom_data  000000
__Hfarbss                           farbss       000000
__Hfardata                          fardata      000000
__Hibigdata                         ibigdata     000000
__Hidata                            idata        000000
__HidataBANK0                       idataBANK0   000000
__HidataCOMRAM                      idataCOMRAM  000000
__Hidloc                            idloc        200008
__Hifardata                         ifardata     000000
__Hinit                             init         000012
__Hintcode                          intcode      00000E
__Hintcode_body                     intcode_body 000000
__Hintcodelo                        intcodelo    00000E
__Hintentry                         intentry     000000
__Hintret                           intret       000000
__Hintsave_regs                     intsave_regs 000000
__Hirdata                           irdata       000000
__Hmediumconst                      mediumconst  000000
__HnvFARRAM                         nvFARRAM     000000
__Hnvbit                            nvbit        000000
__Hnvrram                           nvrram       000000
__Hparam                            rparam       000000
__Hpowerup                          powerup      00000E
__Hram                              ram          000000
__Hramtop                           ramtop       000600
__Hrbit                             rbit         000000
__Hrbss                             rbss         000000
__Hrdata                            rdata        000000
__Hreset_vec                        reset_vec    000004
__Hrparam                           rparam       000000
__Hsfr                              sfr          000000
__Hsmallconst                       smallconst   000632
__Hspace_0                          (abs)        000CFE
__Hspace_1                          (abs)        0000C7
__Hspace_2                          (abs)        000000
__Hspace_4                          (abs)        60000E
__Hstack                            stack        000000
__Hstruct                           struct       000000
__Htemp                             temp         00006C
__Htext                             text         000000
__Htext0                            text0        000000
__Htext1                            text1        000000
__Htext10                           text10       000000
__Htext11                           text11       000000
__Htext12                           text12       000000
__Htext13                           text13       000000
__Htext2                            text2        000000
__Htext3                            text3        000000
__Htext4                            text4        000000
__Htext5                            text5        000000
__Htext6                            text6        000000
__Htext7                            text7        000000
__Htext9                            text9        000000
__LRAM                              (abs)        000001
__Labs1                             abs1         000000
__Lbank0                            bank0        000000
__Lbank1                            bank1        000000
__Lbank2                            bank2        000000
__Lbank3                            bank3        000000
__Lbank4                            bank4        000000
__Lbank5                            bank5        000000
__Lbigbss                           bigbss       000000
__Lbigdata                          bigdata      000000
__Lbigram                           bigram       000000
__Lbss                              bss          000000
__LbssCOMRAM                        bssCOMRAM    000000
__Lcinit                            cinit        000000
__Lclrtext                          clrtext      000000
__Lcomram                           comram       000000
__Lconfig                           config       000000
__Lconst                            const        000000
__LcstackBANK0                      cstackBANK0  000000
__LcstackCOMRAM                     cstackCOMRAM 000000
__Ldata                             data         000000
__LdataBANK0                        dataBANK0    000000
__LdataCOMRAM                       dataCOMRAM   000000
__Leeprom_data                      eeprom_data  000000
__Lfarbss                           farbss       000000
__Lfardata                          fardata      000000
__Libigdata                         ibigdata     000000
__Lidata                            idata        000000
__LidataBANK0                       idataBANK0   000000
__LidataCOMRAM                      idataCOMRAM  000000
__Lidloc                            idloc        000000
__Lifardata                         ifardata     000000
__Linit                             init         00000E
__Lintcode                          intcode      000008
__Lintcode_body                     intcode_body 000000
__Lintcodelo                        intcodelo    00000E
__Lintentry                         intentry     000000
__Lintret                           intret       000000
__Lintsave_regs                     intsave_regs 000000
__Lirdata                           irdata       000000
__Lmediumconst                      mediumconst  000000
__LnvFARRAM                         nvFARRAM     000000
__Lnvbit                            nvbit        000000
__Lnvrram                           nvrram       000000
__Lparam                            rparam       000000
__Lpowerup                          powerup      00000E
__Lram                              ram          000000
__Lramtop                           ramtop       000600
__Lrbit                             rbit         000000
__Lrbss                             rbss         000000
__Lrdata                            rdata        000000
__Lreset_vec                        reset_vec    000000
__Lrparam                           rparam       000000
__Lsfr                              sfr          000000
__Lsmallconst                       smallconst   000600
__Lspace_0                          (abs)        000000
__Lspace_1                          (abs)        000000
__Lspace_2                          (abs)        000000
__Lspace_4                          (abs)        000000
__Lstack                            stack        000000
__Lstruct                           struct       000000
__Ltemp                             temp         00006B
__Ltext                             text         000000
__Ltext0                            text0        000000
__Ltext1                            text1        000000
__Ltext10                           text10       000000
__Ltext11                           text11       000000
__Ltext12                           text12       000000
__Ltext13                           text13       000000
__Ltext2                            text2        000000
__Ltext3                            text3        000000
__Ltext4                            text4        000000
__Ltext5                            text5        000000
__Ltext6                            text6        000000
__Ltext7                            text7        000000
__Ltext9                            text9        000000
__S0                                (abs)        000CFE
__S1                                (abs)        0000C7
__S2                                (abs)        000000
__S4                                (abs)        000000
__S5                                (abs)        000000
___inthi_sp                         stack        000000
___intlo_sp                         stack        000000
___param_bank                       (abs)        000000
___rparam_used                      (abs)        000001
___sp                               stack        000000
__accesstop                         (abs)        000080
__activetblptr                      (abs)        000002
__end_of_DisplayLCD_Init            text5        000B2C
__end_of_Display_SendByte           text7        0008DC
__end_of_Display_WriteByte          text4        000AC2
__end_of_Display_WriteString        text3        00095A
__end_of_EEPROM_DataRead            text2        000CF4
__end_of_EEPROM_DataWrite           text1        000C34
__end_of_TC0INT                     intcode_body 00075E
__end_of_User_SetState              text13       000CFC
__end_of__initialization            cinit        000BE2
__end_of_main                       text0        000854
__end_of_sendNibble                 text6        000C70
__end_of_tickHook_Execute           text12       000CFE
__end_ofi2_Display_SendByte         text11       0009D8
__end_ofi2_Display_WriteByte        text10       000B96
__end_ofi2_Display_WriteString      text9        000A52
__initialization                    cinit        000B96
__mediumconst                       mediumconst  000000
__pbssCOMRAM                        bssCOMRAM    000031
__pcinit                            cinit        000B96
__pcstackBANK0                      cstackBANK0  0000B3
__pcstackCOMRAM                     cstackCOMRAM 000053
__pdataBANK0                        dataBANK0    000080
__pdataCOMRAM                       dataCOMRAM   000001
__pidataBANK0                       idataBANK0   000C70
__pidataCOMRAM                      idataCOMRAM  000CA3
__pintcode                          intcode      000008
__pintcode_body                     intcode_body 000632
__psmallconst                       smallconst   000600
__ptext0                            text0        00075E
__ptext1                            text1        000BF0
__ptext10                           text10       000B2C
__ptext11                           text11       00095A
__ptext12                           text12       000CFC
__ptext13                           text13       000CF4
__ptext2                            text2        000CD4
__ptext3                            text3        0008DC
__ptext4                            text4        000A52
__ptext5                            text5        000AC2
__ptext6                            text6        000C34
__ptext7                            text7        000854
__ptext9                            text9        0009D8
__ramtop                            ramtop       000600
__size_of_DisplayLCD_Init           (abs)        000000
__size_of_Display_SendByte          (abs)        000000
__size_of_Display_WriteByte         (abs)        000000
__size_of_Display_WriteString       (abs)        000000
__size_of_EEPROM_DataRead           (abs)        000000
__size_of_EEPROM_DataWrite          (abs)        000000
__size_of_TC0INT                    (abs)        000000
__size_of_User_SetState             (abs)        000000
__size_of_main                      (abs)        000000
__size_of_sendNibble                (abs)        000000
__size_of_tickHook_Execute          (abs)        000000
__size_ofi2_Display_SendByte        (abs)        000000
__size_ofi2_Display_WriteByte       (abs)        000000
__size_ofi2_Display_WriteString     (abs)        000000
__smallconst                        smallconst   000600
_adcConfig                          dataCOMRAM   000023
_count                              bssCOMRAM    00004A
_global_timer_value                 dataCOMRAM   000029
_humidity                           bssCOMRAM    00004F
_i                                  bssCOMRAM    000049
_main                               text0        00075E
_sendNibble                         text6        000C34
_serialConfig                       dataCOMRAM   00001C
_string_hum                         dataBANK0    00009C
_string_temp                        dataCOMRAM   000001
_t                                  bssCOMRAM    00003A
_temperature                        bssCOMRAM    000051
_tickHook_Execute                   text12       000CFC
_tickHook_func_prt                  bssCOMRAM    00003E
_timerConfig                        bssCOMRAM    000031
_vector                             bssCOMRAM    00004C
_vetorHumLocal                      dataCOMRAM   00002D
_vetorTempLocal                     dataCOMRAM   00002F
btemp                               temp         00006B
end_of_initialization               cinit        000BE2
i2Display_SendByte@auxByte          cstackCOMRAM 000056
i2Display_SendByte@byte             cstackCOMRAM 000055
i2Display_SendByte@comm             cstackCOMRAM 000053
i2Display_WriteByte@auxByte         cstackCOMRAM 000055
i2Display_WriteByte@byte            cstackCOMRAM 000054
i2Display_WriteString@address       cstackCOMRAM 000059
i2Display_WriteString@auxLength     cstackCOMRAM 000061
i2Display_WriteString@length        cstackCOMRAM 000058
i2Display_WriteString@string        cstackCOMRAM 000056
i2_Display_SendByte                 text11       00095A
i2_Display_WriteByte                text10       000B2C
i2_Display_WriteString              text9        0009D8
int$flags                           temp         00006B
int_func                            intcode_body 000632
intlevel0                           text         000000
intlevel1                           text         000000
intlevel2                           text         000000
intlevel3                           text         000000
isa$std                             (abs)        000001
isa$xinst                           (abs)        000000
main@dataRead                       cstackBANK0  0000C4
main_application@F3148              dataBANK0    000080
main_application@F3150              dataBANK0    00008F
main_application@localHum           bssCOMRAM    000040
main_application@localTemp          bssCOMRAM    000042
main_application@localUserState     bssCOMRAM    000045
main_application@localVoltageStatus bssCOMRAM    000044
sendNibble@nibble                   cstackBANK0  0000B4
stackhi                             (abs)        0005FF
stacklo                             (abs)        0000C7
start                               init         00000E
start_initialization                cinit        000B96
tickHook_Execute@global_timer_value cstackCOMRAM 000053
ttemp5                              temp         00006C
ttemp6                              temp         00006F
ttemp7                              temp         000073
wtemp8                              temp         00006C


MODULE INFORMATION

Module		Function		Class		Link	Load	Size
src/pic18f4520/eeprom/eeprom.c
		_EEPROM_DataWrite		CODE           	0BF0	0000	68
		_EEPROM_DataRead		CODE           	0CD4	0000	32

src/pic18f4520/eeprom/eeprom.c estimated size: 100

src/pic18f4520/timer/timer.c
		_tickHook_Execute		CODE           	0CFC	0000	2

src/pic18f4520/timer/timer.c estimated size: 2

src/app/bluetooth-hc-06/bluetooth_hc_06.c
		_User_SetState 		CODE           	0CF4	0000	8

src/app/bluetooth-hc-06/bluetooth_hc_06.c estimated size: 8

src/main.c
		_TC0INT        		CODE           	0008	0000	306
		_main          		CODE           	075E	0000	246

src/main.c estimated size: 552

shared
		i2_Display_WriteByte		CODE           	0B2C	0000	106
		__initialization		CODE           	0B96	0000	76
		i2_Display_WriteString		CODE           	09D8	0000	122
		i2_Display_SendByte		CODE           	095A	0000	126

shared estimated size: 430

src/app/display_lcd/display_lcd.c
		_Display_WriteByte		CODE           	0A52	0000	112
		_DisplayLCD_Init		CODE           	0AC2	0000	106
		_sendNibble    		CODE           	0C34	0000	60
		_Display_WriteString		CODE           	08DC	0000	126
		_Display_SendByte		CODE           	0854	0000	136

src/app/display_lcd/display_lcd.c estimated size: 540

